This is pdfTeX, Version 3.141592653-2.6-1.40.28 (TeX Live 2025) (preloaded format=pdflatex 2026.1.31)  7 FEB 2026 22:34
entering extended mode
 restricted \write18 enabled.
 file:line:error style messages enabled.
 %&-line parsing enabled.
**h:/Visual-Studio-Code-Data/Aksantara/ca-aksan/technical-journal-Ca-RSC26-13523048/progress.tex
(h:/Visual-Studio-Code-Data/Aksantara/ca-aksan/technical-journal-Ca-RSC26-13523048/progress.tex
LaTeX2e <2025-11-01>
L3 programming layer <2026-01-19>
(h:/texlive/2025/texmf-dist/tex/latex/base/article.cls
Document Class: article 2025/01/22 v1.4n Standard LaTeX document class
(h:/texlive/2025/texmf-dist/tex/latex/base/size10.clo
File: size10.clo 2025/01/22 v1.4n Standard LaTeX file (size option)
)
\c@part=\count275
\c@section=\count276
\c@subsection=\count277
\c@subsubsection=\count278
\c@paragraph=\count279
\c@subparagraph=\count280
\c@figure=\count281
\c@table=\count282
\abovecaptionskip=\skip49
\belowcaptionskip=\skip50
\bibindent=\dimen148
) (h:/texlive/2025/texmf-dist/tex/latex/graphics/graphicx.sty
Package: graphicx 2024/12/31 v1.2e Enhanced LaTeX Graphics (DPC,SPQR)
 (h:/texlive/2025/texmf-dist/tex/latex/graphics/keyval.sty
Package: keyval 2022/05/29 v1.15 key=value parser (DPC)
\KV@toks@=\toks17
) (h:/texlive/2025/texmf-dist/tex/latex/graphics/graphics.sty
Package: graphics 2024/08/06 v1.4g Standard LaTeX Graphics (DPC,SPQR)
 (h:/texlive/2025/texmf-dist/tex/latex/graphics/trig.sty
Package: trig 2023/12/02 v1.11 sin cos tan (DPC)
) (h:/texlive/2025/texmf-dist/tex/latex/graphics-cfg/graphics.cfg
File: graphics.cfg 2016/06/04 v1.11 sample graphics configuration
)
Package graphics Info: Driver file: pdftex.def on input line 106.
 (h:/texlive/2025/texmf-dist/tex/latex/graphics-def/pdftex.def
File: pdftex.def 2025/09/29 v1.2d Graphics/color driver for pdftex
))
\Gin@req@height=\dimen149
\Gin@req@width=\dimen150
) (h:/texlive/2025/texmf-dist/tex/latex/hyperref/hyperref.sty
Package: hyperref 2025-07-12 v7.01o Hypertext links for LaTeX
 (h:/texlive/2025/texmf-dist/tex/generic/iftex/iftex.sty
Package: iftex 2024/12/12 v1.0g TeX engine tests
) (h:/texlive/2025/texmf-dist/tex/latex/kvsetkeys/kvsetkeys.sty
Package: kvsetkeys 2022-10-05 v1.19 Key value parser (HO)
) (h:/texlive/2025/texmf-dist/tex/generic/kvdefinekeys/kvdefinekeys.sty
Package: kvdefinekeys 2019-12-19 v1.6 Define keys (HO)
) (h:/texlive/2025/texmf-dist/tex/generic/pdfescape/pdfescape.sty
Package: pdfescape 2019/12/09 v1.15 Implements pdfTeX's escape features (HO)
 (h:/texlive/2025/texmf-dist/tex/generic/ltxcmds/ltxcmds.sty
Package: ltxcmds 2023-12-04 v1.26 LaTeX kernel commands for general use (HO)
) (h:/texlive/2025/texmf-dist/tex/generic/pdftexcmds/pdftexcmds.sty
Package: pdftexcmds 2020-06-27 v0.33 Utility functions of pdfTeX for LuaTeX (HO)
 (h:/texlive/2025/texmf-dist/tex/generic/infwarerr/infwarerr.sty
Package: infwarerr 2019/12/03 v1.5 Providing info/warning/error messages (HO)
)
Package pdftexcmds Info: \pdf@primitive is available.
Package pdftexcmds Info: \pdf@ifprimitive is available.
Package pdftexcmds Info: \pdfdraftmode found.
)) (h:/texlive/2025/texmf-dist/tex/latex/hycolor/hycolor.sty
Package: hycolor 2020-01-27 v1.10 Color options for hyperref/bookmark (HO)
) (h:/texlive/2025/texmf-dist/tex/latex/hyperref/nameref.sty
Package: nameref 2025-06-21 v2.57 Cross-referencing by name of section
 (h:/texlive/2025/texmf-dist/tex/latex/refcount/refcount.sty
Package: refcount 2019/12/15 v3.6 Data extraction from label references (HO)
) (h:/texlive/2025/texmf-dist/tex/generic/gettitlestring/gettitlestring.sty
Package: gettitlestring 2019/12/15 v1.6 Cleanup title references (HO)
 (h:/texlive/2025/texmf-dist/tex/latex/kvoptions/kvoptions.sty
Package: kvoptions 2022-06-15 v3.15 Key value format for package options (HO)
))
\c@section@level=\count283
) (h:/texlive/2025/texmf-dist/tex/latex/etoolbox/etoolbox.sty
Package: etoolbox 2025/10/02 v2.5m e-TeX tools for LaTeX (JAW)
\etb@tempcnta=\count284
) (h:/texlive/2025/texmf-dist/tex/generic/stringenc/stringenc.sty
Package: stringenc 2019/11/29 v1.12 Convert strings between diff. encodings (HO)
)
\@linkdim=\dimen151
\Hy@linkcounter=\count285
\Hy@pagecounter=\count286
 (h:/texlive/2025/texmf-dist/tex/latex/hyperref/pd1enc.def
File: pd1enc.def 2025-07-12 v7.01o Hyperref: PDFDocEncoding definition (HO)
Now handling font encoding PD1 ...
... no UTF-8 mapping file for font encoding PD1
) (h:/texlive/2025/texmf-dist/tex/generic/intcalc/intcalc.sty
Package: intcalc 2019/12/15 v1.3 Expandable calculations with integers (HO)
)
\Hy@SavedSpaceFactor=\count287
 (h:/texlive/2025/texmf-dist/tex/latex/hyperref/puenc.def
File: puenc.def 2025-07-12 v7.01o Hyperref: PDF Unicode definition (HO)
Now handling font encoding PU ...
... no UTF-8 mapping file for font encoding PU
)
Package hyperref Info: Hyper figures OFF on input line 4195.
Package hyperref Info: Link nesting OFF on input line 4200.
Package hyperref Info: Hyper index ON on input line 4203.
Package hyperref Info: Plain pages OFF on input line 4210.
Package hyperref Info: Backreferencing OFF on input line 4215.
Package hyperref Info: Implicit mode ON; LaTeX internals redefined.
Package hyperref Info: Bookmarks ON on input line 4462.
\c@Hy@tempcnt=\count288
 (h:/texlive/2025/texmf-dist/tex/latex/url/url.sty
\Urlmuskip=\muskip17
Package: url 2013/09/16  ver 3.4  Verb mode for urls, etc.
)
LaTeX Info: Redefining \url on input line 4801.
\XeTeXLinkMargin=\dimen152
 (h:/texlive/2025/texmf-dist/tex/generic/bitset/bitset.sty
Package: bitset 2019/12/09 v1.3 Handle bit-vector datatype (HO)
 (h:/texlive/2025/texmf-dist/tex/generic/bigintcalc/bigintcalc.sty
Package: bigintcalc 2019/12/15 v1.5 Expandable calculations on big integers (HO)
))
\Fld@menulength=\count289
\Field@Width=\dimen153
\Fld@charsize=\dimen154
Package hyperref Info: Hyper figures OFF on input line 6078.
Package hyperref Info: Link nesting OFF on input line 6083.
Package hyperref Info: Hyper index ON on input line 6086.
Package hyperref Info: backreferencing OFF on input line 6093.
Package hyperref Info: Link coloring OFF on input line 6098.
Package hyperref Info: Link coloring with OCG OFF on input line 6103.
Package hyperref Info: PDF/A mode OFF on input line 6108.
\Hy@abspage=\count290
\c@Item=\count291
\c@Hfootnote=\count292
)
Package hyperref Info: Driver (autodetected): hpdftex.
 (h:/texlive/2025/texmf-dist/tex/latex/hyperref/hpdftex.def
File: hpdftex.def 2025-07-12 v7.01o Hyperref driver for pdfTeX
\Fld@listcount=\count293
\c@bookmark@seq@number=\count294
 (h:/texlive/2025/texmf-dist/tex/latex/rerunfilecheck/rerunfilecheck.sty
Package: rerunfilecheck 2025-06-21 v1.11 Rerun checks for auxiliary files (HO)
 (h:/texlive/2025/texmf-dist/tex/generic/uniquecounter/uniquecounter.sty
Package: uniquecounter 2019/12/15 v1.4 Provide unlimited unique counter (HO)
)
Package uniquecounter Info: New unique counter `rerunfilecheck' on input line 284.
)
\Hy@SectionHShift=\skip51
) (h:/texlive/2025/texmf-dist/tex/latex/listings/listings.sty
\lst@mode=\count295
\lst@gtempboxa=\box53
\lst@token=\toks18
\lst@length=\count296
\lst@currlwidth=\dimen155
\lst@column=\count297
\lst@pos=\count298
\lst@lostspace=\dimen156
\lst@width=\dimen157
\lst@newlines=\count299
\lst@lineno=\count300
\lst@maxwidth=\dimen158
 (h:/texlive/2025/texmf-dist/tex/latex/listings/lstpatch.sty
File: lstpatch.sty 2025/11/14 1.11b (Carsten Heinz)
) (h:/texlive/2025/texmf-dist/tex/latex/listings/lstmisc.sty
File: lstmisc.sty 2025/11/14 1.11b (Carsten Heinz)
\c@lstnumber=\count301
\lst@skipnumbers=\count302
\lst@framebox=\box54
) (h:/texlive/2025/texmf-dist/tex/latex/listings/listings.cfg
File: listings.cfg 2025/11/14 1.11b listings configuration
))
Package: listings 2025/11/14 1.11b (Carsten Heinz)

==> First Aid for listings.sty no longer applied!
    Expected:
        2024/09/23 1.10c (Carsten Heinz)
    but found:
        2025/11/14 1.11b (Carsten Heinz)
    so I'm assuming it got fixed.
(h:/texlive/2025/texmf-dist/tex/latex/graphics/color.sty
Package: color 2025/01/14 v1.3e Standard LaTeX Color (DPC)
 (h:/texlive/2025/texmf-dist/tex/latex/graphics-cfg/color.cfg
File: color.cfg 2016/01/02 v1.6 sample color configuration
)
Package color Info: Driver file: pdftex.def on input line 149.
 (h:/texlive/2025/texmf-dist/tex/latex/graphics/mathcolor.ltx)) (h:/texlive/2025/texmf-dist/tex/latex/minted/minted.sty
Package: minted 2025/05/14 v3.7.0 Yet another Pygments shim for LaTeX
 (h:/texlive/2025/texmf-dist/tex/generic/catchfile/catchfile.sty
Package: catchfile 2019/12/09 v1.8 Catch the contents of a file (HO)
 (h:/texlive/2025/texmf-dist/tex/generic/etexcmds/etexcmds.sty
Package: etexcmds 2019/12/15 v1.7 Avoid name clashes with e-TeX commands (HO)
)) (h:/texlive/2025/texmf-dist/tex/latex/fvextra/fvextra.sty
Package: fvextra 2025/05/29 v1.13.2 fvextra - extensions and patches for fancyvrb
 (h:/texlive/2025/texmf-dist/tex/latex/fancyvrb/fancyvrb.sty
Package: fancyvrb 2025/07/28 4.6 verbatim text (tvz,hv)
\FV@CodeLineNo=\count303
\FV@InFile=\read2
\FV@TabBox=\box55
\c@FancyVerbLine=\count304
\FV@StepNumber=\count305
\FV@OutFile=\write3
) (h:/texlive/2025/texmf-dist/tex/latex/upquote/upquote.sty
Package: upquote 2012/04/19 v1.3 upright-quote and grave-accent glyphs in verbatim
) (h:/texlive/2025/texmf-dist/tex/latex/lineno/lineno.sty
Package: lineno 2025/05/13 line numbers on paragraphs v5.5
\linenopenalty=\count306
\output=\toks19
\linenoprevgraf=\count307
\linenumbersep=\dimen159
\linenumberwidth=\dimen160
\c@linenumber=\count308
\c@pagewiselinenumber=\count309
\c@LN@truepage=\count310
\c@internallinenumber=\count311
\c@internallinenumbers=\count312
\quotelinenumbersep=\dimen161
\bframerule=\dimen162
\bframesep=\dimen163
\bframebox=\box56
)
\c@FancyVerbWriteLine=\count313
\c@FancyVerbBufferLine=\count314
\c@FV@TrueTabGroupLevel=\count315
\c@FV@TrueTabCounter=\count316
\FV@TabBox@Group=\box57
\FV@bgcolorstructbox=\box58
\FV@TmpLength=\skip52
\c@FV@HighlightLinesStart=\count317
\c@FV@HighlightLinesStop=\count318
\FV@LoopCount=\count319
\FV@NCharsBox=\box59
\FV@BreakIndent=\dimen164
\FV@BreakIndentNChars=\count320
\FV@BreakSymbolSepLeft=\dimen165
\FV@BreakSymbolSepLeftNChars=\count321
\FV@BreakSymbolSepRight=\dimen166
\FV@BreakSymbolSepRightNChars=\count322
\FV@BreakSymbolIndentLeft=\dimen167
\FV@BreakSymbolIndentLeftNChars=\count323
\FV@BreakSymbolIndentRight=\dimen168
\FV@BreakSymbolIndentRightNChars=\count324
\c@FancyVerbLineBreakLast=\count325
\FV@LineBox=\box60
\FV@LineIndentBox=\box61
\c@FV@BreakBufferDepth=\count326
\FV@LineWidth=\dimen169
) (h:/texlive/2025/texmf-dist/tex/latex/latex2pydata/latex2pydata.sty
Package: latex2pydata 2025/03/26 v0.6.0 latex2pydata - write data to file in Python literal format
) (h:/texlive/2025/texmf-dist/tex/latex/pgf/utilities/pgfkeys.sty (h:/texlive/2025/texmf-dist/tex/generic/pgf/utilities/pgfkeys.code.tex
\pgfkeys@pathtoks=\toks20
\pgfkeys@temptoks=\toks21
 (h:/texlive/2025/texmf-dist/tex/generic/pgf/utilities/pgfkeyslibraryfiltered.code.tex
\pgfkeys@tmptoks=\toks22
))) (h:/texlive/2025/texmf-dist/tex/latex/pgfopts/pgfopts.sty
Package: pgfopts 2014/07/10 v2.1a LaTeX package options with pgfkeys
\pgfopts@list@add@a@toks=\toks23
\pgfopts@list@add@b@toks=\toks24
) (h:/texlive/2025/texmf-dist/tex/latex/tools/shellesc.sty
Package: shellesc 2023/07/08 v1.0d unified shell escape interface for LaTeX
Package shellesc Info: Restricted shell escape enabled on input line 77.
) (h:/texlive/2025/texmf-dist/tex/latex/float/float.sty
Package: float 2001/11/08 v1.3d Float enhancements (AL)
\c@float@type=\count327
\float@exts=\toks25
\float@box=\box62
\@float@everytoks=\toks26
\@floatcapt=\box63
)
\c@minted@FancyVerbLineTemp=\count328
\@float@every@listing=\toks27
\c@listing=\count329
) (h:/texlive/2025/texmf-dist/tex/latex/l3backend/l3backend-pdftex.def
File: l3backend-pdftex.def 2025-10-09 L3 backend support: PDF output (pdfTeX)
\l__color_backend_stack_int=\count330
) (./progress.aux)
\openout1 = `progress.aux'.

LaTeX Font Info:    Checking defaults for OML/cmm/m/it on input line 12.
LaTeX Font Info:    ... okay on input line 12.
LaTeX Font Info:    Checking defaults for OMS/cmsy/m/n on input line 12.
LaTeX Font Info:    ... okay on input line 12.
LaTeX Font Info:    Checking defaults for OT1/cmr/m/n on input line 12.
LaTeX Font Info:    ... okay on input line 12.
LaTeX Font Info:    Checking defaults for T1/cmr/m/n on input line 12.
LaTeX Font Info:    ... okay on input line 12.
LaTeX Font Info:    Checking defaults for TS1/cmr/m/n on input line 12.
LaTeX Font Info:    ... okay on input line 12.
LaTeX Font Info:    Checking defaults for OMX/cmex/m/n on input line 12.
LaTeX Font Info:    ... okay on input line 12.
LaTeX Font Info:    Checking defaults for U/cmr/m/n on input line 12.
LaTeX Font Info:    ... okay on input line 12.
LaTeX Font Info:    Checking defaults for PD1/pdf/m/n on input line 12.
LaTeX Font Info:    ... okay on input line 12.
LaTeX Font Info:    Checking defaults for PU/pdf/m/n on input line 12.
LaTeX Font Info:    ... okay on input line 12.
 (h:/texlive/2025/texmf-dist/tex/context/base/mkii/supp-pdf.mkii
[Loading MPS to PDF converter (version 2006.09.02).]
\scratchcounter=\count331
\scratchdimen=\dimen170
\scratchbox=\box64
\nofMPsegments=\count332
\nofMParguments=\count333
\everyMPshowfont=\toks28
\MPscratchCnt=\count334
\MPscratchDim=\dimen171
\MPnumerator=\count335
\makeMPintoPDFobject=\count336
\everyMPtoPDFconversion=\toks29
) (h:/texlive/2025/texmf-dist/tex/latex/epstopdf-pkg/epstopdf-base.sty
Package: epstopdf-base 2020-01-24 v2.11 Base part for package epstopdf
Package epstopdf-base Info: Redefining graphics rule for `.eps' on input line 485.
 (h:/texlive/2025/texmf-dist/tex/latex/latexconfig/epstopdf-sys.cfg
File: epstopdf-sys.cfg 2010/07/13 v1.3 Configuration of (r)epstopdf for TeX Live
))
Package hyperref Info: Link coloring OFF on input line 12.
\@outlinefile=\write4
\openout4 = `progress.out'.

 (h:/texlive/2025/texmf-dist/tex/latex/base/textcomp.sty
Package: textcomp 2024/04/24 v2.1b Standard LaTeX package
)
\c@lstlisting=\count337
LaTeX Font Info:    External font `cmex10' loaded for size
(Font)              <12> on input line 15.
LaTeX Font Info:    External font `cmex10' loaded for size
(Font)              <8> on input line 15.
LaTeX Font Info:    External font `cmex10' loaded for size
(Font)              <6> on input line 15.

Overfull \hbox (13.50069pt too wide) in paragraph at lines 22--23
[]\OT1/cmr/m/n/10 Departement yang bertang-gung jawab ter-hadap selu-ruh as-pek perangkat
 []

[1

{h:/texlive/2025/texmf-var/fonts/map/pdftex/updmap/pdftex.map}{h:/texlive/2025/texmf-dist/fonts/enc/dvips/cm-super/cm-super-ts1.enc}]
Overfull \hbox (1.58955pt too wide) in paragraph at lines 72--73
\OT1/cmr/m/n/10 ob-jek di dunia ny-ata pada pem-ro-gra-man un-tuk melakukan enkap-
 []

[2]
Overfull \hbox (84.19696pt too wide) in paragraph at lines 101--101
 []       \OT1/cmtt/m/n/10 if ((lat < -90 || lat > 90) || (lon < -180 || lon > 180)) {[] 
 []


Overfull \hbox (5.44765pt too wide) in paragraph at lines 101--101
 []\OT1/cmtt/m/n/10 gps.updatePosition(drone.getLat(), drone.getLon());[] 
 []


Overfull \hbox (0.1977pt too wide) in paragraph at lines 101--101
 []\OT1/cmtt/m/n/10 gps.updatePosition(999.0, -200.0); // lgsg ditolak[] 
 []


Overfull \hbox (12.70062pt too wide) in paragraph at lines 120--121
\OT1/cmr/m/n/10 man un-tuk menye-le-saikan su-atu per-masala-han ter-tentu berdasarkan
 []

[3]
Overfull \hbox (35.69725pt too wide) in paragraph at lines 149--149
 []       \OT1/cmtt/m/n/10 std::this_thread::sleep_for(std::chrono::seconds(1));[] 
 []


Overfull \hbox (72.44693pt too wide) in paragraph at lines 149--149
 []       \OT1/cmtt/m/n/10 std::this_thread::sleep_for(std::chrono::milliseconds(800));[] 
 []


Overfull \hbox (2.28937pt too wide) in paragraph at lines 152--153
[]\OT1/cmr/m/n/10 Penggunaan mul-ti-thread-ing da-pat men-gak-i-batkan ter-jadinya \OT1/cmr/m/it/10 race
 []

[4]

LaTeX Warning: File `mavlink.png' not found on input line 221.


h:/Visual-Studio-Code-Data/Aksantara/ca-aksan/technical-journal-Ca-RSC26-13523048/progress.tex:221: Package pdftex.def Error: File `mavlink.png' not found: using draft setting.

See the pdftex.def package documentation for explanation.
Type  H <return>  for immediate help.
 ...                                              
                                                  
l.221 ...aphics[width=0.75\linewidth]{mavlink.png}
                                                  
Try typing  <return>  to proceed.
If that doesn't work, type  X <return>  to quit.

[5]
Overfull \hbox (0.13844pt too wide) in paragraph at lines 230--231
[]\OT1/cmr/m/n/10 Software in the loop (SITL) meru-pakan ek-sekusi pro-gram yang dibuat
 []


LaTeX Warning: File `sitl.png' not found on input line 234.


h:/Visual-Studio-Code-Data/Aksantara/ca-aksan/technical-journal-Ca-RSC26-13523048/progress.tex:234: Package pdftex.def Error: File `sitl.png' not found: using draft setting.

See the pdftex.def package documentation for explanation.
Type  H <return>  for immediate help.
 ...                                              
                                                  
l.234 ...egraphics[width=0.75\linewidth]{sitl.png}
                                                  
Try typing  <return>  to proceed.
If that doesn't work, type  X <return>  to quit.


Overfull \hbox (10.55405pt too wide) in paragraph at lines 231--238
[]\OT1/cmr/m/n/10 Cara kerja SITL dalam Ak-san-tara ITB bi-asanya dim-u-lai dari melakukan
 []

[6
pdfTeX warning (ext4): destination with the same identifier (name{figure.1}) has been already used, duplicate ignored
<argument> ...shipout:D \box_use:N \l_shipout_box 
                                                  \__shipout_drop_firstpage_...
l.239     \end{enumerate}
                         ] [7
pdfTeX warning (ext4): destination with the same identifier (name{figure.2}) has been already used, duplicate ignored
<argument> ...shipout:D \box_use:N \l_shipout_box 
                                                  \__shipout_drop_firstpage_...
l.259     \item \href
                     {https://docs.google.com/presentation/d/161pANZ7QofLcvc...]
Overfull \hbox (7.61734pt too wide) in paragraph at lines 275--276
[]\OT1/cmr/m/n/10 Operasi neigh-bor-hood meng-gu-nakan ma-triks kon-vo-lusi un-tuk men-
 []


Overfull \hbox (10.43596pt too wide) in paragraph at lines 284--285
\OT1/cmr/m/n/10 akurasi dalam mem-prediksi). Hal ini da-pat di-hin-dari den-gan melakukan
 []


Overfull \hbox (4.33408pt too wide) in paragraph at lines 284--285
\OT1/cmr/m/n/10 pem-ba-gian dataset men-jadi tiga kat-e-gori : data train un-tuk melakukan
 []


Overfull \hbox (1.52844pt too wide) in paragraph at lines 285--286
\OT1/cmr/m/n/10 Deep learn-ing meru-pakan pe-man-faatan model yang terin-spi-rasi meng-
 []


Overfull \hbox (7.52844pt too wide) in paragraph at lines 285--286
\OT1/cmr/m/n/10 gu-nakan neu-ral net-work, se-men-tara transfer-learning meru-pakan model
 []

[8]
Overfull \hbox (0.467pt too wide) in paragraph at lines 313--314
\OT1/cmr/m/n/10 pengam-bi-lan kepu-tu-san se-cara lang-sung (\OT1/cmr/m/it/10 on-board\OT1/cmr/m/n/10 ) den-gan cepat pada
 []

[9]
<./media/Georeferencing_13523048.jpg, id=132, 3051.4pt x 2319.66624pt>
File: ./media/Georeferencing_13523048.jpg Graphic file (type jpg)
<use ./media/Georeferencing_13523048.jpg>
Package pdftex.def Info: ./media/Georeferencing_13523048.jpg  used on input line 330.
(pdftex.def)             Requested size: 258.75pt x 196.69118pt.

Overfull \hbox (3.25067pt too wide) in paragraph at lines 327--334
[]\OT1/cmr/m/n/10 Inti dari cara kerja geo-ref-er-enc-ing adalah den-gan me-man-faatkan tinggi
 []


Overfull \hbox (2.13507pt too wide) in paragraph at lines 338--339
[]\OT1/cmr/m/n/10 Intiya al-go-ritma un-tuk men-sim-u-lasikan per-i-laku \OT1/cmr/m/it/10 swarm-ing \OT1/cmr/m/n/10 dari berba-
 []

[10
pdfTeX warning (ext4): destination with the same identifier (name{figure.3}) has been already used, duplicate ignored
<argument> ...shipout:D \box_use:N \l_shipout_box 
                                                  \__shipout_drop_firstpage_...
l.339         \item C
                     ara kerja algoritma ini adalah menggunakan tiga effect ... <./media/Georeferencing_13523048.jpg>]
Overfull \hbox (3.8063pt too wide) in paragraph at lines 340--341
[]\OT1/cmr/m/n/10 Untuk mem-per-mu-dah pema-haman, di-gu-nakan sum-ber se-ba-gai []berikut[] 
 []


Overfull \hbox (0.88852pt too wide) in paragraph at lines 370--371
[]\OT1/cmr/m/n/10 Seharusnya pengem-ban-gan prak-tikum ROS di-lakukan ter-lebih dahulu
 []

[11] [12] (./progress.aux)
 ***********
LaTeX2e <2025-11-01>
L3 programming layer <2026-01-19>
 ***********


LaTeX Warning: Label(s) may have changed. Rerun to get cross-references right.


Package rerunfilecheck Warning: File `progress.out' has changed.
(rerunfilecheck)                Rerun to get outlines right
(rerunfilecheck)                or use package `bookmark'.

Package rerunfilecheck Info: Checksums for `progress.out':
(rerunfilecheck)             Before: <no file>
(rerunfilecheck)             After:  7C0D9FA0337381AB77EE4EFF7C4DA160;3144.
 ) 
Here is how much of TeX's memory you used:
 14351 strings out of 467533
 275751 string characters out of 5423668
 795549 words of memory out of 5000000
 43007 multiletter control sequences out of 15000+600000
 632825 words of font info for 57 fonts, out of 8000000 for 9000
 1141 hyphenation exceptions out of 8191
 75i,7n,79p,808b,977s stack positions out of 10000i,1000n,20000p,200000b,200000s
<h:/texlive/2025/texmf-dist/fonts/type1/public/amsfonts/cm/cmbx10.pfb><h:/texlive/2025/texmf-dist/fonts/type1/public/amsfonts/cm/cmbx12.pfb><h:/texlive/2025/texmf-dist/fonts/type1/public/amsfonts/cm/cmr10.pfb><h:/texlive/2025/texmf-dist/fonts/type1/public/amsfonts/cm/cmr12.pfb><h:/texlive/2025/texmf-dist/fonts/type1/public/amsfonts/cm/cmr17.pfb><h:/texlive/2025/texmf-dist/fonts/type1/public/amsfonts/cm/cmti10.pfb><h:/texlive/2025/texmf-dist/fonts/type1/public/amsfonts/cm/cmtt10.pfb><h:/texlive/2025/texmf-dist/fonts/type1/public/cm-super/sfrm1000.pfb>
Output written on progress.pdf (12 pages, 666655 bytes).
PDF statistics:
 240 PDF objects out of 1000 (max. 8388607)
 206 compressed objects within 3 object streams
 115 named destinations out of 1000 (max. 500000)
 6 words of extra memory for PDF output out of 10000 (max. 10000000)

